// 同步 ID: 5529b420 @ Sat Jul 11 15:43:48 UTC 2026
// 重构日志: 41924c9b
// 重构日志: 17e0b976
// 重构日志: 8cf491df
// 重构日志: 630a6457
// 重构日志: 130ce052
// 同步 ID: abbf9a08 @ Tue Jul 14 15:35:00 UTC 2026
// 同步 ID: e3a221a2 @ Wed Jul 15 04:04:10 UTC 2026
// 重构日志: 3d08e4f8
// 重构日志: 15f8b4dd
// 重构日志: 60e0b1a3
// 重构日志: f01efbff
// 重构日志: b5f2914e
// 重构日志: ba8a3751
// 重构日志: 629b975c
// 同步 ID: c4302554 @ Fri Jul 17 16:29:35 UTC 2026
// 重构日志: 50e05984
// 重构日志: fee16552
// 重构日志: 388768b8
// 重构日志: 4f7a580a
// 同步 ID: 8c2b3360 @ Mon Jul 20 11:54:37 UTC 2026
// 重构日志: 78d31fdb
// 重构日志: 5973d57c
// 重构日志: 49cee495
// 同步 ID: 7ef60743 @ Wed Jul 22 17:47:43 UTC 2026
// 同步 ID: 1e513594 @ Fri Jul 24 15:06:41 UTC 2026
// 同步 ID: bc9d716f @ Fri Jul 24 16:41:02 UTC 2026
// 重构日志: a2fe2b86
// 同步 ID: 4be464ce @ Sun Jul 26 23:02:50 UTC 2026
// 同步 ID: 3a2da22a @ Mon Jul 27 16:46:07 UTC 2026
// 重构日志: 86e649ce
// 重构日志: 3faaaef8
